#
# There is insufficient memory for the Java Runtime Environment to continue.
# Native memory allocation (mmap) failed to map 232783872 bytes for G1 virtual space
# Possible reasons:
#   The system is out of physical RAM or swap space
#   The process is running with CompressedOops enabled, and the Java Heap may be blocking the growth of the native heap
# Possible solutions:
#   Reduce memory load on the system
#   Increase physical memory or swap space
#   Check if swap backing store is full
#   Decrease Java heap size (-Xmx/-Xms)
#   Decrease number of Java threads
#   Decrease Java thread stack sizes (-Xss)
#   Set larger code cache with -XX:ReservedCodeCacheSize=
#   JVM is running with Zero Based Compressed Oops mode in which the Java heap is
#     placed in the first 32GB address space. The Java Heap base address is the
#     maximum limit for the native heap growth. Please use -XX:HeapBaseMinAddress
#     to set the Java Heap base and to place the Java Heap above 32GB virtual address.
# This output file may be truncated or incomplete.
#
#  Out of Memory Error (os_windows.cpp:3603), pid=28076, tid=29976
#
# JRE version:  (21.0.8+12) (build )
# Java VM: Java HotSpot(TM) 64-Bit Server VM (21.0.8+12-LTS-250, mixed mode, sharing, tiered, compressed oops, compressed class ptrs, g1 gc, windows-amd64)
# No core dump will be written. Minidumps are not enabled by default on client versions of Windows
#

---------------  S U M M A R Y ------------

Command Line: -Dfile.encoding=UTF-8 --module-path=C:\OneDrive\Documents\NetBeansProjects\Quiz Application Project\build\classes quiz.application.project.Login

Host: AMD Ryzen 7 5825U with Radeon Graphics         , 16 cores, 13G,  Windows 11 , 64 bit Build 26100 (10.0.26100.9444)
Time: Sat Oct  3 19:41:17 2026 India Standard Time elapsed time: 0.062224 seconds (0d 0h 0m 0s)

---------------  T H R E A D  ---------------

Current thread (0x000001aadc31f900):  JavaThread "Unknown thread" [_thread_in_vm, id=29976, stack(0x0000004878f00000,0x0000004879000000) (1024K)]

Stack: [0x0000004878f00000,0x0000004879000000]
Native frames: (J=compiled Java code, j=interpreted, Vv=VM code, C=native code)
V  [jvm.dll+0x6cc179]
V  [jvm.dll+0x8584c1]
V  [jvm.dll+0x85a9ee]
V  [jvm.dll+0x85b0c3]
V  [jvm.dll+0x27ebf6]
V  [jvm.dll+0x6c88f5]
V  [jvm.dll+0x6bd45a]
V  [jvm.dll+0x354b1a]
V  [jvm.dll+0x35c796]
V  [jvm.dll+0x3af85e]
V  [jvm.dll+0x3afb08]
V  [jvm.dll+0x328e2c]
V  [jvm.dll+0x32998b]
V  [jvm.dll+0x821879]
V  [jvm.dll+0x3bc541]
V  [jvm.dll+0x80aaf8]
V  [jvm.dll+0x45172e]
V  [jvm.dll+0x453321]
C  [jli.dll+0x52a3]
C  [ucrtbase.dll+0x2cd30]
C  [KERNEL32.DLL+0x2cd87]
C  [ntdll.dll+0xacaec]


---------------  P R O C E S S  ---------------

Threads class SMR info:
_java_thread_list=0x00007ff8c2b3fc48, length=0, elements={
}

Java Threads: ( => current thread )
Total: 0

Other Threads:
  0x000001aadc370460 WorkerThread "GC Thread#0"                     [id=22776, stack(0x0000004879000000,0x0000004879100000) (1024K)]
  0x000001aadc381050 ConcurrentGCThread "G1 Main Marker"            [id=31192, stack(0x0000004879100000,0x0000004879200000) (1024K)]
  0x000001aadc381b50 WorkerThread "G1 Conc#0"                       [id=26916, stack(0x0000004879200000,0x0000004879300000) (1024K)]

[error occurred during error reporting (printing all threads), id 0xc0000005, EXCEPTION_ACCESS_VIOLATION (0xc0000005) at pc=0x00007ff8c22ab5b7]
VM state: not at safepoint (not fully initialized)

VM Mutex/Monitor currently owned by a thread:  ([mutex/lock_event])
[0x00007ff8c2bb0f50] Heap_lock - owner thread: 0x000001aadc31f900

Heap address: 0x0000000722800000, size: 3544 MB, Compressed Oops mode: Zero based, Oop shift amount: 3

CDS archive(s) mapped at: [0x0000000000000000-0x0000000000000000-0x0000000000000000), size 0, SharedBaseAddress: 0x0000000800000000, ArchiveRelocationMode: 1.
Narrow klass base: 0x0000000000000000, Narrow klass shift: 0, Narrow klass range: 0x0

GC Precious Log:
 CardTable entry size: 512
 Card Set container configuration: InlinePtr #cards 4 size 8 Array Of Cards #cards 16 size 48 Howl #buckets 8 coarsen threshold 3686 Howl Bitmap #cards 512 size 80 coarsen threshold 460 Card regions per heap region 1 cards per card region 4096

Heap:
 garbage-first heap   total 0K, used 0K [0x0000000722800000, 0x0000000800000000)
  region size 2048K, 0 young (0K), 0 survivors (0K)

[error occurred during error reporting (printing heap information), id 0xc0000005, EXCEPTION_ACCESS_VIOLATION (0xc0000005) at pc=0x00007ff8c26951e9]
GC Heap History (0 events):
No events

Dll operation events (1 events):
Event: 0.011 Loaded shared library C:\Program Files\Java\jdk-21\bin\java.dll

Deoptimization events (0 events):
No events

Classes loaded (0 events):
No events

Classes unloaded (0 events):
No events

Classes redefined (0 events):
No events

Internal exceptions (0 events):
No events

ZGC Phase Switch (0 events):
No events

VM Operations (0 events):
No events

Events (0 events):
No events


Dynamic libraries:
0x00007ff62dd90000 - 0x00007ff62dda0000 	C:\Program Files\Java\jdk-21\bin\java.exe
0x00007ff8e9460000 - 0x00007ff8e96c7000 	C:\Windows\SYSTEM32\ntdll.dll
0x00007ff8e83a0000 - 0x00007ff8e846b000 	C:\Windows\System32\KERNEL32.DLL
0x00007ff8e67c0000 - 0x00007ff8e6bc2000 	C:\Windows\System32\KERNELBASE.dll
0x00007ff8e6d20000 - 0x00007ff8e6e6c000 	C:\Windows\System32\ucrtbase.dll
0x00007ff8c47b0000 - 0x00007ff8c47c9000 	C:\Program Files\Java\jdk-21\bin\jli.dll
0x00007ff8c47d0000 - 0x00007ff8c47eb000 	C:\Program Files\Java\jdk-21\bin\VCRUNTIME140.dll
0x00007ff8e8c10000 - 0x00007ff8e8ccc000 	C:\Windows\System32\ADVAPI32.dll
0x00007ff8e88e0000 - 0x00007ff8e8989000 	C:\Windows\System32\msvcrt.dll
0x00007ff8e7f60000 - 0x00007ff8e8009000 	C:\Windows\System32\sechost.dll
0x00007ff8e7620000 - 0x00007ff8e7738000 	C:\Windows\System32\RPCRT4.dll
0x00007ff8e8700000 - 0x00007ff8e88cf000 	C:\Windows\System32\USER32.dll
0x00007ff8d2b40000 - 0x00007ff8d2dd0000 	C:\Windows\WinSxS\amd64_microsoft.windows.common-controls_6595b64144ccf1df_6.0.26100.9278_none_3e0d1ba8e3303201\COMCTL32.dll
0x00007ff8e6660000 - 0x00007ff8e6687000 	C:\Windows\System32\win32u.dll
0x00007ff8e7580000 - 0x00007ff8e75ab000 	C:\Windows\System32\GDI32.dll
0x00007ff8e6690000 - 0x00007ff8e67b9000 	C:\Windows\System32\gdi32full.dll
0x00007ff8de690000 - 0x00007ff8de69b000 	C:\Windows\SYSTEM32\VERSION.dll
0x00007ff8e6f40000 - 0x00007ff8e6fe3000 	C:\Windows\System32\msvcp_win.dll
0x00007ff8e93e0000 - 0x00007ff8e9411000 	C:\Windows\System32\IMM32.DLL
0x00007ff8c95b0000 - 0x00007ff8c95bc000 	C:\Program Files\Java\jdk-21\bin\vcruntime140_1.dll
0x00007ff8c4060000 - 0x00007ff8c40ee000 	C:\Program Files\Java\jdk-21\bin\msvcp140.dll
0x00007ff8c1f70000 - 0x00007ff8c2c8d000 	C:\Program Files\Java\jdk-21\bin\server\jvm.dll
0x00007ff8e8510000 - 0x00007ff8e8590000 	C:\Windows\System32\WS2_32.dll
0x00007ff8e64e0000 - 0x00007ff8e653e000 	C:\Windows\SYSTEM32\POWRPROF.dll
0x00007ff8de600000 - 0x00007ff8de636000 	C:\Windows\SYSTEM32\WINMM.dll
0x00007ff8e64c0000 - 0x00007ff8e64d5000 	C:\Windows\SYSTEM32\UMPDC.dll
0x00007ff8e4e40000 - 0x00007ff8e4e5b000 	C:\Windows\SYSTEM32\kernel.appcore.dll
0x00007ff8c3ff0000 - 0x00007ff8c3ffa000 	C:\Program Files\Java\jdk-21\bin\jimage.dll
0x00007ff8e3910000 - 0x00007ff8e3b5c000 	C:\Windows\SYSTEM32\DBGHELP.DLL
0x00007ff8e8010000 - 0x00007ff8e8395000 	C:\Windows\System32\combase.dll
0x00007ff8e8600000 - 0x00007ff8e86d9000 	C:\Windows\System32\OLEAUT32.dll
0x00007ff8c3ef0000 - 0x00007ff8c3f2b000 	C:\Windows\SYSTEM32\dbgcore.DLL
0x00007ff8e6e80000 - 0x00007ff8e6f2c000 	C:\Windows\System32\bcryptPrimitives.dll
0x00007ff8c3c30000 - 0x00007ff8c3c4f000 	C:\Program Files\Java\jdk-21\bin\java.dll

dbghelp: loaded successfully - version: 4.0.5 - missing functions: none
symbol engine: initialized successfully - sym options: 0x614 - pdb path: .;C:\Program Files\Java\jdk-21\bin;C:\Windows\SYSTEM32;C:\Windows\WinSxS\amd64_microsoft.windows.common-controls_6595b64144ccf1df_6.0.26100.9278_none_3e0d1ba8e3303201;C:\Program Files\Java\jdk-21\bin\server

VM Arguments:
jvm_args: -Dfile.encoding=UTF-8 --module-path=C:\OneDrive\Documents\NetBeansProjects\Quiz Application Project\build\classes 
java_command: quiz.application.project.Login
java_class_path (initial): C:\OneDrive\Documents\NetBeansProjects\Quiz Application Project\build\classes
Launcher Type: SUN_STANDARD

[Global flags]
     intx CICompilerCount                          = 12                                        {product} {ergonomic}
     uint ConcGCThreads                            = 3                                         {product} {ergonomic}
     uint G1ConcRefinementThreads                  = 13                                        {product} {ergonomic}
   size_t G1HeapRegionSize                         = 2097152                                   {product} {ergonomic}
    uintx GCDrainStackTargetSize                   = 64                                        {product} {ergonomic}
   size_t InitialHeapSize                          = 232783872                                 {product} {ergonomic}
   size_t MarkStackSize                            = 4194304                                   {product} {ergonomic}
   size_t MaxHeapSize                              = 3716153344                                {product} {ergonomic}
   size_t MinHeapDeltaBytes                        = 2097152                                   {product} {ergonomic}
   size_t MinHeapSize                              = 8388608                                   {product} {ergonomic}
    uintx NonNMethodCodeHeapSize                   = 7602480                                {pd product} {ergonomic}
    uintx NonProfiledCodeHeapSize                  = 122027880                              {pd product} {ergonomic}
    uintx ProfiledCodeHeapSize                     = 122027880                              {pd product} {ergonomic}
    uintx ReservedCodeCacheSize                    = 251658240                              {pd product} {ergonomic}
     bool SegmentedCodeCache                       = true                                      {product} {ergonomic}
   size_t SoftMaxHeapSize                          = 3716153344                             {manageable} {ergonomic}
     bool UseCompressedOops                        = true                           {product lp64_product} {ergonomic}
     bool UseG1GC                                  = true                                      {product} {ergonomic}
     bool UseLargePagesIndividualAllocation        = false                                  {pd product} {ergonomic}

Logging:
Log output configuration:
 #0: stdout all=warning uptime,level,tags foldmultilines=false
 #1: stderr all=off uptime,level,tags foldmultilines=false

Environment Variables:
PATH=C:\Program Files\Common Files\Oracle\Java\javapath;C:\Windows\system32;C:\Windows;C:\Windows\System32\Wbem;C:\Windows\System32\WindowsPowerShell\v1.0\;C:\Windows\System32\OpenSSH\;C:\Program Files\PostgreSQL\17\bin;C:\Program Files\apache-maven-3.9.11\bin;C:\Program Files\Git\cmd;C:\Users\Aman\AppData\Local\Microsoft\WindowsApps;C:\Users\Aman\AppData\Local\Programs\Microsoft VS Code\bin;C:\Program Files\JetBrains\IntelliJ IDEA 2025.1.3\bin;;C:\Program Files\JetBrains\IntelliJ IDEA Community Edition 2025.1.3\bin;;C:\Users\Aman\Downloads\netbeans-30-bin\netbeans\bin\
USERNAME=Aman
OS=Windows_NT
PROCESSOR_IDENTIFIER=AMD64 Family 25 Model 80 Stepping 0, AuthenticAMD
TMP=C:\Users\Aman\AppData\Local\Temp
TEMP=C:\Users\Aman\AppData\Local\Temp




Periodic native trim disabled

---------------  S Y S T E M  ---------------

OS:
 Windows 11 , 64 bit Build 26100 (10.0.26100.9444)
OS uptime: 0 days 7:00 hours
Hyper-V role detected

CPU: total 16 (initial active 16) (16 cores per cpu, 2 threads per core) family 25 model 80 stepping 0 microcode 0xa500011, cx8, cmov, fxsr, ht, mmx, 3dnowpref, sse, sse2, sse3, ssse3, sse4a, sse4.1, sse4.2, popcnt, lzcnt, tsc, tscinvbit, avx, avx2, aes, erms, clmul, bmi1, bmi2, adx, sha, fma, vzeroupper, clflush, clflushopt, hv, rdtscp, rdpid, fsrm, f16c, cet_ss
Processor Information for processor 0
  Max Mhz: 2000, Current Mhz: 1808, Mhz Limit: 2000
Processor Information for processor 1
  Max Mhz: 2000, Current Mhz: 1808, Mhz Limit: 2000
Processor Information for processor 2
  Max Mhz: 2000, Current Mhz: 2000, Mhz Limit: 2000
Processor Information for processor 3
  Max Mhz: 2000, Current Mhz: 1808, Mhz Limit: 2000
Processor Information for processor 4
  Max Mhz: 2000, Current Mhz: 1808, Mhz Limit: 2000
Processor Information for processor 5
  Max Mhz: 2000, Current Mhz: 1808, Mhz Limit: 2000
Processor Information for processor 6
  Max Mhz: 2000, Current Mhz: 1808, Mhz Limit: 2000
Processor Information for processor 7
  Max Mhz: 2000, Current Mhz: 1808, Mhz Limit: 2000
Processor Information for processor 8
  Max Mhz: 2000, Current Mhz: 1808, Mhz Limit: 2000
Processor Information for processor 9
  Max Mhz: 2000, Current Mhz: 1808, Mhz Limit: 2000
Processor Information for processor 10
  Max Mhz: 2000, Current Mhz: 1808, Mhz Limit: 2000
Processor Information for processor 11
  Max Mhz: 2000, Current Mhz: 1808, Mhz Limit: 2000
Processor Information for processor 12
  Max Mhz: 2000, Current Mhz: 1808, Mhz Limit: 2000
Processor Information for processor 13
  Max Mhz: 2000, Current Mhz: 1808, Mhz Limit: 2000
Processor Information for processor 14
  Max Mhz: 2000, Current Mhz: 1808, Mhz Limit: 2000
Processor Information for processor 15
  Max Mhz: 2000, Current Mhz: 1808, Mhz Limit: 2000

Memory: 4k page, system-wide physical 14173M (3812M free)
TotalPageFile size 39864M (AvailPageFile size 130M)
current process WorkingSet (physical memory assigned to process): 12M, peak: 12M
current process commit charge ("private bytes"): 70M, peak: 292M

vm_info: Java HotSpot(TM) 64-Bit Server VM (21.0.8+12-LTS-250) for windows-amd64 JRE (21.0.8+12-LTS-250), built on 2025-06-27T08:11:22Z by "mach5one" with MS VC++ 17.6 (VS2022)

END.
